C51 COMPILER V9.60.7.0   MAIN                                                              10/08/2024 11:31:24 PAGE 1   


C51 COMPILER V9.60.7.0, COMPILATION OF MODULE MAIN
OBJECT MODULE PLACED IN .\Objects\main.obj
COMPILER INVOKED BY: C:\hoc\8051\Keil_C_v5\C51\BIN\C51.EXE main.c OPTIMIZE(8,SPEED) BROWSE DEBUG OBJECTEXTEND PRINT(.\Li
                    -stings\main.lst) TABS(2) OBJECT(.\Objects\main.obj)

line level    source

   1          #include "main.h"
   2          #include "C:\hoc\8051\bai_tap\Library\Delay\Delay.h"
   3          
   4          sbit LSA=P2^2;
   5          sbit LSB=P2^3;
   6          sbit LSC=P2^4;
   7          
   8          unsigned char code DIG_CODE[10]={0x3f,0x06,0x5b,0x4f,0x66,0x6d,0x7d,0x07,0x7f,0x6f}; //ma led 7 thanh cath
             -ode tu 0 -> 9
   9          
  10          // moi giay tang bien dem len 1 lan hien thi len led 7 thanh tu 00-20
  11          
  12          void main()
  13          {
  14   1        unsigned int i;
  15   1        unsigned int cnt = 0;
  16   1        unsigned int chuc, donvi;
  17   1        while(1)
  18   1        {
  19   2          for(i=0; i<460; i++)
  20   2          {
  21   3            // quet led hien thi so
  22   3            chuc = cnt/10;
  23   3            donvi = cnt%10;
  24   3            
  25   3            //hien thi led 7 thanh o hang don vi
  26   3            LSA = 0; LSB = 0; LSC = 0; 
  27   3            P0 = DIG_CODE[donvi];
  28   3            Delay_ms(1);
  29   3            P0 = 0x00;
  30   3            
  31   3            //hien thi led 7 thanh o hang chuc
  32   3            LSA = 1; LSB = 0; LSC = 0; 
  33   3            P0 = DIG_CODE[chuc];
  34   3            Delay_ms(1);
  35   3            P0 = 0x00;
  36   3          }
  37   2      
  38   2          cnt++;//tang bien dem len
  39   2          if(cnt>=100){//dem den 100 thi reset ve 0
  40   3            cnt = 0;
  41   3          }
  42   2          
  43   2          //cach kiem tra xem co dung 1 giay tang 1 lan hay khong, cach nay khong hay cho lam
  44   2          if(cnt!=0)
  45   2          {
  46   3            P1_0 = !P1_0;
  47   3          }
  48   2        }
  49   1      }


MODULE INFORMATION:   STATIC OVERLAYABLE
   CODE SIZE        =    157    ----
C51 COMPILER V9.60.7.0   MAIN                                                              10/08/2024 11:31:24 PAGE 2   

   CONSTANT SIZE    =     10    ----
   XDATA SIZE       =   ----    ----
   PDATA SIZE       =   ----    ----
   DATA SIZE        =   ----       8
   IDATA SIZE       =   ----    ----
   BIT SIZE         =   ----    ----
END OF MODULE INFORMATION.


C51 COMPILATION COMPLETE.  0 WARNING(S),  0 ERROR(S)
